CUDA toolchain:
- runtime 13.0, artifact installation
- driver 570.195.3 for 13.3
- compiler 13.0

CUDA libraries:
- CUBLAS: 13.1.0
- CURAND: 10.4.0
- CUFFT: 12.0.0
- CUSOLVER: 12.0.4
- CUSPARSE: 12.6.3
- CUPTI: 2025.3.1 (API 13.0.1)
- NVML: 12.0.0+570.195.3

Julia packages:
- CUDA: 5.8.5
- CUDA_Driver_jll: 13.3.5+0
- CUDA_Compiler_jll: 0.2.2+0
- CUDA_Runtime_jll: 0.19.2+0

Toolchain:
- Julia: 1.12.7
- LLVM: 18.1.7

1 device:
  0: NVIDIA L4 (sm_89, 22.041 GiB / 22.494 GiB available)
Loaded CUDA libraries:
/root/.julia/compiled/v1.12/CUDA_Driver_jll/QJyk7_D3ujU.so
/root/.julia/artifacts/5bf47e8b1f0daf3dafb58ff7f319899fecdd4372/lib/libcudadebugger.so.1
/root/.julia/artifacts/5bf47e8b1f0daf3dafb58ff7f319899fecdd4372/lib/libcuda.so
/root/.julia/compiled/v1.12/CUDA_Runtime_jll/Hs50y_D3ujU.so
/root/.julia/artifacts/8ec5e85790c595011aa4e521ef3d3541e67385c8/lib/libcudart.so
/root/.julia/artifacts/8ec5e85790c595011aa4e521ef3d3541e67385c8/lib/libcupti.so
/root/.julia/compiled/v1.12/CUDA_Compiler_jll/ljFRe_D3ujU.so
/root/.julia/compiled/v1.12/CUDA/oWw5k_D3ujU.so
/root/.julia/compiled/v1.12/AtomixCUDAExt/B0Tg4_D3ujU.so
